[www.p4panorama.com/panos/lotustemple/index.html]
[www.p4panorama.com/panos/lotustemple/indexdata/thumbnail.jpg]
[backblue.gif]
[fade.gif]
[index.html]
[www.p4panorama.com/wp-content/themes/p4panorama/images/favicon.png]
[www.google-analytics.com/analytics.js]
[www.p4panorama.com/panos/lotustemple/indexdata/lib/jquery-3.5.0.min.js]
[www.p4panorama.com/panos/lotustemple/indexdata/lib/jquery-ui-1.11.1/jquery-ui.min.css]
[www.p4panorama.com/panos/lotustemple/indexdata/lib/jquery-ui-1.11.1/jquery-ui.min.js]
[www.p4panorama.com/panos/lotustemple/indexdata/lib/jquery.ui.touch-punch.min.js]
[www.p4panorama.com/panos/lotustemple/indexdata/lib/Kolor/KolorTools.min.js]
[www.p4panorama.com/panos/lotustemple/indexdata/graphics/KolorBootstrap.js]
[www.p4panorama.com/panos/lotustemple/indexdata/graphics/5-pulse.css]
[www.p4panorama.com/panos/lotustemple/indexdata/index.js]
[pagead2.googlesyndication.com/pagead/js/f.txt]
[www.p4panorama.com/panos/lotustemple/index.html]
[www.p4panorama.com/wp-content/themes/p4panorama/images/favicon.html]
[www.p4panorama.com/panos/lotustemple/indexdata/lib/jquery-ui-1.11.1/images/ui-bg_highlight-soft_100_eeeeee_1x100.png]
[www.p4panorama.com/panos/lotustemple/indexdata/lib/jquery-ui-1.11.1/images/ui-bg_gloss-wave_35_f6a828_500x100.png]
[www.p4panorama.com/panos/lotustemple/indexdata/lib/jquery-ui-1.11.1/images/ui-bg_glass_100_f6f6f6_1x400.png]
[www.p4panorama.com/panos/lotustemple/indexdata/lib/jquery-ui-1.11.1/images/ui-bg_glass_100_fdf5ce_1x400.png]
[www.p4panorama.com/panos/lotustemple/indexdata/lib/jquery-ui-1.11.1/images/ui-bg_glass_65_ffffff_1x400.png]
[www.p4panorama.com/panos/lotustemple/indexdata/lib/jquery-ui-1.11.1/images/ui-bg_highlight-soft_75_ffe45c_1x100.png]
[www.p4panorama.com/panos/lotustemple/indexdata/lib/jquery-ui-1.11.1/images/ui-bg_diagonals-thick_18_b81900_40x40.png]
[www.p4panorama.com/panos/lotustemple/indexdata/lib/jquery-ui-1.11.1/images/ui-icons_222222_256x240.png]
[www.p4panorama.com/panos/lotustemple/indexdata/lib/jquery-ui-1.11.1/images/ui-icons_ffffff_256x240.png]
[www.p4panorama.com/panos/lotustemple/indexdata/lib/jquery-ui-1.11.1/images/ui-icons_ef8c08_256x240.png]
[www.p4panorama.com/panos/lotustemple/indexdata/lib/jquery-ui-1.11.1/images/ui-icons_228ef1_256x240.png]
[www.p4panorama.com/panos/lotustemple/indexdata/lib/jquery-ui-1.11.1/images/ui-icons_ffd27a_256x240.png]
[www.p4panorama.com/panos/lotustemple/indexdata/lib/jquery-ui-1.11.1/images/ui-bg_diagonals-thick_20_666666_40x40.png]
[www.p4panorama.com/panos/lotustemple/indexdata/lib/jquery-ui-1.11.1/images/ui-bg_flat_10_000000_40x100.png]
[www.p4panorama.com/panos/lotustemple/indexdata/lib/jquery-ui-1.11.1/jquery-ui.min.css]
[www.p4panorama.com/panos/lotustemple/indexdata/graphics/5-pulse.css]
